This is pdfTeX, Version 3.141592653-2.6-1.40.26 (TeX Live 2024) (preloaded format=pdflatex)
 restricted \write18 enabled.
entering extended mode
(./ari.tex
LaTeX2e <2024-06-01> patch level 2
L3 programming layer <2024-05-27>
(/Users/ilona/Library/TinyTeX/texmf-dist/tex/latex/base/article.cls
Document Class: article 2024/02/08 v1.4n Standard LaTeX document class
(/Users/ilona/Library/TinyTeX/texmf-dist/tex/latex/base/size10.clo)) (./neurips_2026.sty (/Users/ilona/Library/TinyTeX/texmf-local/tex/latex/environ/environ.sty (/Users/ilona/Library/TinyTeX/texmf-local/tex/latex/trimspaces/trimspaces.sty)) (/Users/ilona/Library/TinyTeX/texmf-dist/tex/latex/natbib/natbib.sty) (/Users/ilona/Library/TinyTeX/texmf-dist/tex/latex/geometry/geometry.sty (/Users/ilona/Library/TinyTeX/texmf-dist/tex/latex/graphics/keyval.sty) (/Users/ilona/Library/TinyTeX/texmf-dist/tex/generic/iftex/ifvtex.sty (/Users/ilona/Library/TinyTeX/texmf-dist/tex/generic/iftex/iftex.sty)))) (/Users/ilona/Library/TinyTeX/texmf-dist/tex/latex/base/inputenc.sty) (/Users/ilona/Library/TinyTeX/texmf-dist/tex/latex/base/fontenc.sty (/Users/ilona/Library/TinyTeX/texmf-dist/tex/latex/psnfss/t1ptm.fd)) (/Users/ilona/Library/TinyTeX/texmf-dist/tex/latex/hyperref/hyperref.sty (/Users/ilona/Library/TinyTeX/texmf-dist/tex/latex/kvsetkeys/kvsetkeys.sty) (/Users/ilona/Library/TinyTeX/texmf-dist/tex/generic/kvdefinekeys/kvdefinekeys.sty) (/Users/ilona/Library/TinyTeX/texmf-dist/tex/generic/pdfescape/pdfescape.sty (/Users/ilona/Library/TinyTeX/texmf-dist/tex/generic/ltxcmds/ltxcmds.sty) (/Users/ilona/Library/TinyTeX/texmf-dist/tex/generic/pdftexcmds/pdftexcmds.sty (/Users/ilona/Library/TinyTeX/texmf-dist/tex/generic/infwarerr/infwarerr.sty))) (/Users/ilona/Library/TinyTeX/texmf-dist/tex/latex/hycolor/hycolor.sty) (/Users/ilona/Library/TinyTeX/texmf-dist/tex/latex/hyperref/nameref.sty (/Users/ilona/Library/TinyTeX/texmf-dist/tex/latex/refcount/refcount.sty) (/Users/ilona/Library/TinyTeX/texmf-dist/tex/generic/gettitlestring/gettitlestring.sty (/Users/ilona/Library/TinyTeX/texmf-dist/tex/latex/kvoptions/kvoptions.sty))) (/Users/ilona/Library/TinyTeX/texmf-dist/tex/latex/etoolbox/etoolbox.sty) (/Users/ilona/Library/TinyTeX/texmf-dist/tex/generic/stringenc/stringenc.sty) (/Users/ilona/Library/TinyTeX/texmf-dist/tex/latex/hyperref/pd1enc.def) (/Users/ilona/Library/TinyTeX/texmf-dist/tex/generic/intcalc/intcalc.sty) (/Users/ilona/Library/TinyTeX/texmf-dist/tex/latex/hyperref/puenc.def) (/Users/ilona/Library/TinyTeX/texmf-dist/tex/latex/url/url.sty) (/Users/ilona/Library/TinyTeX/texmf-dist/tex/generic/bitset/bitset.sty (/Users/ilona/Library/TinyTeX/texmf-dist/tex/generic/bigintcalc/bigintcalc.sty)) (/Users/ilona/Library/TinyTeX/texmf-dist/tex/latex/base/atbegshi-ltx.sty)) (/Users/ilona/Library/TinyTeX/texmf-dist/tex/latex/hyperref/hpdftex.def (/Users/ilona/Library/TinyTeX/texmf-dist/tex/latex/base/atveryend-ltx.sty) (/Users/ilona/Library/TinyTeX/texmf-dist/tex/latex/rerunfilecheck/rerunfilecheck.sty (/Users/ilona/Library/TinyTeX/texmf-dist/tex/generic/uniquecounter/uniquecounter.sty))) (/Users/ilona/Library/TinyTeX/texmf-dist/tex/latex/booktabs/booktabs.sty) (/Users/ilona/Library/TinyTeX/texmf-dist/tex/latex/graphics/graphicx.sty (/Users/ilona/Library/TinyTeX/texmf-dist/tex/latex/graphics/graphics.sty (/Users/ilona/Library/TinyTeX/texmf-dist/tex/latex/graphics/trig.sty) (/Users/ilona/Library/TinyTeX/texmf-dist/tex/latex/graphics-cfg/graphics.cfg) (/Users/ilona/Library/TinyTeX/texmf-dist/tex/latex/graphics-def/pdftex.def))) (/Users/ilona/Library/TinyTeX/texmf-dist/tex/latex/float/float.sty) (/Users/ilona/Library/TinyTeX/texmf-dist/tex/latex/amsfonts/amsfonts.sty) (/Users/ilona/Library/TinyTeX/texmf-dist/tex/latex/amsmath/amsmath.sty
For additional information on amsmath, use the `?' option.
(/Users/ilona/Library/TinyTeX/texmf-dist/tex/latex/amsmath/amstext.sty (/Users/ilona/Library/TinyTeX/texmf-dist/tex/latex/amsmath/amsgen.sty)) (/Users/ilona/Library/TinyTeX/texmf-dist/tex/latex/amsmath/amsbsy.sty) (/Users/ilona/Library/TinyTeX/texmf-dist/tex/latex/amsmath/amsopn.sty)) (/Users/ilona/Library/TinyTeX/texmf-dist/tex/latex/amsfonts/amssymb.sty) (/Users/ilona/Library/TinyTeX/texmf-local/tex/latex/placeins/placeins.sty) (/Users/ilona/Library/TinyTeX/texmf-dist/tex/latex/l3backend/l3backend-pdftex.def) (./ari.aux)
*geometry* driver: auto-detecting
*geometry* detected driver: pdftex
*geometry* verbose mode - [ preamble ] result:
* driver: pdftex
* paper: letterpaper
* layout: <same size as paper>
* layoutoffset:(h,v)=(0.0pt,0.0pt)
* modes: 
* h-part:(L,W,R)=(92.14519pt, 430.00462pt, 92.14519pt)
* v-part:(T,H,B)=(95.39737pt, 556.47656pt, 143.09605pt)
* \paperwidth=614.295pt
* \paperheight=794.96999pt
* \textwidth=430.00462pt
* \textheight=556.47656pt
* \oddsidemargin=19.8752pt
* \evensidemargin=19.8752pt
* \topmargin=-13.87262pt
* \headheight=12.0pt
* \headsep=25.0pt
* \topskip=10.0pt
* \footskip=30.0pt
* \marginparwidth=65.0pt
* \marginparsep=11.0pt
* \columnsep=10.0pt
* \skip\footins=9.0pt plus 4.0pt minus 2.0pt
* \hoffset=0.0pt
* \voffset=0.0pt
* \mag=1000
* \@twocolumnfalse
* \@twosidefalse
* \@mparswitchfalse
* \@reversemarginfalse
* (1in=72.27pt=25.4mm, 1cm=28.453pt)

*geometry* verbose mode - [ newgeometry ] result:
* driver: pdftex
* paper: letterpaper
* layout: <same size as paper>
* layoutoffset:(h,v)=(0.0pt,0.0pt)
* modes: 
* h-part:(L,W,R)=(108.405pt, 397.48499pt, 108.40501pt)
* v-part:(T,H,B)=(72.26999pt, 650.43pt, 72.27pt)
* \paperwidth=614.295pt
* \paperheight=794.96999pt
* \textwidth=397.48499pt
* \textheight=650.43pt
* \oddsidemargin=36.13501pt
* \evensidemargin=36.13501pt
* \topmargin=-37.0pt
* \headheight=12.0pt
* \headsep=25.0pt
* \topskip=10.0pt
* \footskip=30.0pt
* \marginparwidth=65.0pt
* \marginparsep=11.0pt
* \columnsep=10.0pt
* \skip\footins=9.0pt plus 4.0pt minus 2.0pt
* \hoffset=0.0pt
* \voffset=0.0pt
* \mag=1000
* \@twocolumnfalse
* \@twosidefalse
* \@mparswitchfalse
* \@reversemarginfalse
* (1in=72.27pt=25.4mm, 1cm=28.453pt)

(./ari.out) (./ari.out) (/Users/ilona/Library/TinyTeX/texmf-dist/tex/latex/epstopdf-pkg/epstopdf-base.sty (/Users/ilona/Library/TinyTeX/texmf-dist/tex/latex/latexconfig/epstopdf-sys.cfg)) (/Users/ilona/Library/TinyTeX/texmf-dist/tex/latex/amsfonts/umsa.fd) (/Users/ilona/Library/TinyTeX/texmf-dist/tex/latex/amsfonts/umsb.fd) (/Users/ilona/Library/TinyTeX/texmf-dist/tex/latex/base/t1cmtt.fd)
[1{/Users/ilona/Library/TinyTeX/texmf-var/fonts/map/pdftex/updmap/pdftex.map}{/Users/ilona/Library/TinyTeX/texmf-dist/fonts/enc/dvips/base/8r.enc}]

LaTeX Warning: `h' float specifier changed to `ht'.


[2
pdfTeX warning (ext4): destination with the same identifier (name{table.1}) has been already used, duplicate ignored
<argument> ...shipout:D \box_use:N \l_shipout_box 
                                                  \__shipout_drop_firstpage_...
l.120 \FloatBarrier
                   ]
[3
pdfTeX warning (ext4): destination with the same identifier (name{table.2}) has been already used, duplicate ignored
<argument> ...shipout:D \box_use:N \l_shipout_box 
                                                  \__shipout_drop_firstpage_...
l.120 \FloatBarrier
                   ]
[4
pdfTeX warning (ext4): destination with the same identifier (name{table.3}) has been already used, duplicate ignored
<argument> ...shipout:D \box_use:N \l_shipout_box 
                                                  \__shipout_drop_firstpage_...
l.166 
      ]
Underfull \hbox (badness 2050) in paragraph at lines 191--192
[]\T1/ptm/m/n/9 [11] The SEMQ Group. ARI-Bench-v0.1 and the ARI ref-er-ence im-ple-men-ta-tion. Con-tent hash

[5
pdfTeX warning (ext4): destination with the same identifier (name{figure.1}) has been already used, duplicate ignored
<argument> ...shipout:D \box_use:N \l_shipout_box 
                                                  \__shipout_drop_firstpage_...
l.205 \]
         <./figure1.pdf>]
Underfull \hbox (badness 1472) in paragraph at lines 220--221
\T1/ptm/m/n/10 ARI-E ap-plies the same dis-ci-pline --- re-peat, con-trol, at-tribute --- to agent out-comes on

LaTeX Warning: `h' float specifier changed to `ht'.


[6]
Underfull \vbox (badness 1521) has occurred while \output is active
[7
pdfTeX warning (ext4): destination with the same identifier (name{table.4}) has been already used, duplicate ignored
<argument> ...shipout:D \box_use:N \l_shipout_box 
                                                  \__shipout_drop_firstpage_...
l.283 
      
pdfTeX warning (ext4): destination with the same identifier (name{table.5}) has been already used, duplicate ignored
<argument> ...shipout:D \box_use:N \l_shipout_box 
                                                  \__shipout_drop_firstpage_...
l.283 
      
pdfTeX warning (ext4): destination with the same identifier (name{table.6}) has been already used, duplicate ignored
<argument> ...shipout:D \box_use:N \l_shipout_box 
                                                  \__shipout_drop_firstpage_...
l.283 
      ]
[8
pdfTeX warning (ext4): destination with the same identifier (name{table.7}) has been already used, duplicate ignored
<argument> ...shipout:D \box_use:N \l_shipout_box 
                                                  \__shipout_drop_firstpage_...
l.315 
      ]
[9] (./ari.aux) )
(see the transcript file for additional information) </Users/ilona/Library/TinyTeX/texmf-var/fonts/pk/ljfour/jknappen/ec/ectt0900.600pk> </Users/ilona/Library/TinyTeX/texmf-var/fonts/pk/ljfour/jknappen/ec/ectt1000.600pk></Users/ilona/Library/TinyTeX/texmf-dist/fonts/type1/public/amsfonts/cm/cmbx10.pfb></Users/ilona/Library/TinyTeX/texmf-dist/fonts/type1/public/amsfonts/cm/cmex10.pfb></Users/ilona/Library/TinyTeX/texmf-dist/fonts/type1/public/amsfonts/cm/cmmi10.pfb></Users/ilona/Library/TinyTeX/texmf-dist/fonts/type1/public/amsfonts/cm/cmmi7.pfb></Users/ilona/Library/TinyTeX/texmf-dist/fonts/type1/public/amsfonts/cm/cmmi9.pfb></Users/ilona/Library/TinyTeX/texmf-dist/fonts/type1/public/amsfonts/cm/cmr10.pfb></Users/ilona/Library/TinyTeX/texmf-dist/fonts/type1/public/amsfonts/cm/cmr6.pfb></Users/ilona/Library/TinyTeX/texmf-dist/fonts/type1/public/amsfonts/cm/cmr7.pfb></Users/ilona/Library/TinyTeX/texmf-dist/fonts/type1/public/amsfonts/cm/cmr9.pfb></Users/ilona/Library/TinyTeX/texmf-dist/fonts/type1/public/amsfonts/cm/cmsy10.pfb></Users/ilona/Library/TinyTeX/texmf-dist/fonts/type1/public/amsfonts/cm/cmsy6.pfb></Users/ilona/Library/TinyTeX/texmf-dist/fonts/type1/public/amsfonts/cm/cmsy7.pfb></Users/ilona/Library/TinyTeX/texmf-dist/fonts/type1/public/amsfonts/cm/cmsy9.pfb></Users/ilona/Library/TinyTeX/texmf-dist/fonts/type1/public/amsfonts/symbols/msbm10.pfb></Users/ilona/Library/TinyTeX/texmf-dist/fonts/type1/urw/times/utmb8a.pfb></Users/ilona/Library/TinyTeX/texmf-dist/fonts/type1/urw/times/utmr8a.pfb></Users/ilona/Library/TinyTeX/texmf-dist/fonts/type1/urw/times/utmri8a.pfb>
Output written on ari.pdf (9 pages, 279682 bytes).
Transcript written on ari.log.
